PREHOOK: query: drop table if exists tb1
PREHOOK: type: DROPTABLE
POSTHOOK: query: drop table if exists tb1
POSTHOOK: type: DROPTABLE
PREHOOK: query: create table tb1 (id int)
PREHOOK: type: CREATETABLE
PREHOOK: Output: database:default
PREHOOK: Output: default@tb1
POSTHOOK: query: create table tb1 (id int)
POSTHOOK: type: CREATETABLE
POSTHOOK: Output: database:default
POSTHOOK: Output: default@tb1
PREHOOK: query: drop table if exists tb2
PREHOOK: type: DROPTABLE
POSTHOOK: query: drop table if exists tb2
POSTHOOK: type: DROPTABLE
PREHOOK: query: create table tb2 (id smallint)
PREHOOK: type: CREATETABLE
PREHOOK: Output: database:default
PREHOOK: Output: default@tb2
POSTHOOK: query: create table tb2 (id smallint)
POSTHOOK: type: CREATETABLE
POSTHOOK: Output: database:default
POSTHOOK: Output: default@tb2
PREHOOK: query: explain
select a.id from tb1 a
left outer join
(select id from tb2
union all
select 2 as id from tb2 limit 1) b
on a.id=b.id
PREHOOK: type: QUERY
POSTHOOK: query: explain
select a.id from tb1 a
left outer join
(select id from tb2
union all
select 2 as id from tb2 limit 1) b
on a.id=b.id
POSTHOOK: type: QUERY
Plan optimized by CBO.

Vertex dependency in root stage
Map 3 <- Union 4 (CONTAINS)
Map 5 <- Union 4 (CONTAINS)
Reducer 2 <- Map 1 (SIMPLE_EDGE), Union 4 (SIMPLE_EDGE)

Stage-0
  Fetch Operator
    limit:-1
    Stage-1
      Reducer 2 llap
      File Output Operator [FS_14]
        Merge Join Operator [MERGEJOIN_18] (rows=1 width=4)
          Conds:RS_30._col0=Union 4._col0(Left Outer),Output:["_col0"]
        <-Map 1 [SIMPLE_EDGE] vectorized, llap
          SHUFFLE [RS_30]
            PartitionCols:_col0
            Select Operator [SEL_29] (rows=1 width=4)
              Output:["_col0"]
              TableScan [TS_0] (rows=1 width=4)
                default@tb1,a,Tbl:COMPLETE,Col:NONE,Output:["id"]
        <-Union 4 [SIMPLE_EDGE]
          <-Map 3 [CONTAINS] vectorized, llap
            Reduce Output Operator [RS_33]
              PartitionCols:_col0
              Limit [LIM_32] (rows=1 width=2)
                Number of rows:1
                Select Operator [SEL_31] (rows=1 width=4)
                  Output:["_col0"]
                  TableScan [TS_19] (rows=1 width=4)
                    Output:["id"]
          <-Map 5 [CONTAINS] vectorized, llap
            Reduce Output Operator [RS_36]
              PartitionCols:_col0
              Limit [LIM_35] (rows=1 width=2)
                Number of rows:1
                Select Operator [SEL_34] (rows=1 width=0)
                  Output:["_col0"]
                  TableScan [TS_24] (rows=1 width=0)

