Warning: Shuffle Join MERGEJOIN[387][tables = [$hdt$_3, $hdt$_4]] in Stage 'Reducer 22' is a cross product
Warning: Shuffle Join MERGEJOIN[388][tables = [$hdt$_3, $hdt$_4, $hdt$_5]] in Stage 'Reducer 23' is a cross product
Warning: Shuffle Join MERGEJOIN[390][tables = [$hdt$_3, $hdt$_4]] in Stage 'Reducer 26' is a cross product
Warning: Shuffle Join MERGEJOIN[391][tables = [$hdt$_3, $hdt$_4, $hdt$_5]] in Stage 'Reducer 27' is a cross product
PREHOOK: query: explain
with frequent_ss_items as 
 (select substr(i_item_desc,1,30) itemdesc,i_item_sk item_sk,d_date solddate,count(*) cnt
  from store_sales
      ,date_dim 
      ,item
  where ss_sold_date_sk = d_date_sk
    and ss_item_sk = i_item_sk 
    and d_year in (1999,1999+1,1999+2,1999+3)
  group by substr(i_item_desc,1,30),i_item_sk,d_date
  having count(*) >4),
 max_store_sales as
 (select max(csales) tpcds_cmax 
  from (select c_customer_sk,sum(ss_quantity*ss_sales_price) csales
        from store_sales
            ,customer
            ,date_dim 
        where ss_customer_sk = c_customer_sk
         and ss_sold_date_sk = d_date_sk
         and d_year in (1999,1999+1,1999+2,1999+3) 
        group by c_customer_sk) x),
 best_ss_customer as
 (select c_customer_sk,sum(ss_quantity*ss_sales_price) ssales
  from store_sales
      ,customer
  where ss_customer_sk = c_customer_sk
  group by c_customer_sk
  having sum(ss_quantity*ss_sales_price) > (95/100.0) * (select
  *
from
 max_store_sales))
  select  sum(sales)
 from ((select cs_quantity*cs_list_price sales
       from catalog_sales
           ,date_dim 
       where d_year = 1999 
         and d_moy = 1 
         and cs_sold_date_sk = d_date_sk 
         and cs_item_sk in (select item_sk from frequent_ss_items)
         and cs_bill_customer_sk in (select c_customer_sk from best_ss_customer))
      union all
      (select ws_quantity*ws_list_price sales
       from web_sales 
           ,date_dim 
       where d_year = 1999 
         and d_moy = 1 
         and ws_sold_date_sk = d_date_sk 
         and ws_item_sk in (select item_sk from frequent_ss_items)
         and ws_bill_customer_sk in (select c_customer_sk from best_ss_customer))) y
 limit 100
PREHOOK: type: QUERY
PREHOOK: Input: default@catalog_sales
PREHOOK: Input: default@customer
PREHOOK: Input: default@date_dim
PREHOOK: Input: default@item
PREHOOK: Input: default@store_sales
PREHOOK: Input: default@web_sales
PREHOOK: Output: hdfs://### HDFS PATH ###
POSTHOOK: query: explain
with frequent_ss_items as 
 (select substr(i_item_desc,1,30) itemdesc,i_item_sk item_sk,d_date solddate,count(*) cnt
  from store_sales
      ,date_dim 
      ,item
  where ss_sold_date_sk = d_date_sk
    and ss_item_sk = i_item_sk 
    and d_year in (1999,1999+1,1999+2,1999+3)
  group by substr(i_item_desc,1,30),i_item_sk,d_date
  having count(*) >4),
 max_store_sales as
 (select max(csales) tpcds_cmax 
  from (select c_customer_sk,sum(ss_quantity*ss_sales_price) csales
        from store_sales
            ,customer
            ,date_dim 
        where ss_customer_sk = c_customer_sk
         and ss_sold_date_sk = d_date_sk
         and d_year in (1999,1999+1,1999+2,1999+3) 
        group by c_customer_sk) x),
 best_ss_customer as
 (select c_customer_sk,sum(ss_quantity*ss_sales_price) ssales
  from store_sales
      ,customer
  where ss_customer_sk = c_customer_sk
  group by c_customer_sk
  having sum(ss_quantity*ss_sales_price) > (95/100.0) * (select
  *
from
 max_store_sales))
  select  sum(sales)
 from ((select cs_quantity*cs_list_price sales
       from catalog_sales
           ,date_dim 
       where d_year = 1999 
         and d_moy = 1 
         and cs_sold_date_sk = d_date_sk 
         and cs_item_sk in (select item_sk from frequent_ss_items)
         and cs_bill_customer_sk in (select c_customer_sk from best_ss_customer))
      union all
      (select ws_quantity*ws_list_price sales
       from web_sales 
           ,date_dim 
       where d_year = 1999 
         and d_moy = 1 
         and ws_sold_date_sk = d_date_sk 
         and ws_item_sk in (select item_sk from frequent_ss_items)
         and ws_bill_customer_sk in (select c_customer_sk from best_ss_customer))) y
 limit 100
POSTHOOK: type: QUERY
POSTHOOK: Input: default@catalog_sales
POSTHOOK: Input: default@customer
POSTHOOK: Input: default@date_dim
POSTHOOK: Input: default@item
POSTHOOK: Input: default@store_sales
POSTHOOK: Input: default@web_sales
POSTHOOK: Output: hdfs://### HDFS PATH ###
Plan optimized by CBO.

Vertex dependency in root stage
Reducer 10 <- Reducer 27 (SIMPLE_EDGE), Reducer 9 (SIMPLE_EDGE), Union 5 (CONTAINS)
Reducer 12 <- Map 11 (SIMPLE_EDGE), Map 15 (SIMPLE_EDGE)
Reducer 13 <- Map 16 (SIMPLE_EDGE), Reducer 12 (SIMPLE_EDGE)
Reducer 14 <- Reducer 13 (SIMPLE_EDGE)
Reducer 18 <- Map 17 (SIMPLE_EDGE), Map 29 (SIMPLE_EDGE)
Reducer 19 <- Map 30 (SIMPLE_EDGE), Reducer 18 (SIMPLE_EDGE)
Reducer 2 <- Map 1 (SIMPLE_EDGE), Map 7 (SIMPLE_EDGE)
Reducer 20 <- Reducer 19 (SIMPLE_EDGE)
Reducer 21 <- Reducer 20 (CUSTOM_SIMPLE_EDGE)
Reducer 22 <- Reducer 21 (CUSTOM_SIMPLE_EDGE), Reducer 24 (CUSTOM_SIMPLE_EDGE)
Reducer 23 <- Reducer 22 (CUSTOM_SIMPLE_EDGE), Reducer 32 (CUSTOM_SIMPLE_EDGE)
Reducer 24 <- Reducer 20 (CUSTOM_SIMPLE_EDGE)
Reducer 25 <- Reducer 20 (CUSTOM_SIMPLE_EDGE)
Reducer 26 <- Reducer 25 (CUSTOM_SIMPLE_EDGE), Reducer 28 (CUSTOM_SIMPLE_EDGE)
Reducer 27 <- Reducer 26 (CUSTOM_SIMPLE_EDGE), Reducer 32 (CUSTOM_SIMPLE_EDGE)
Reducer 28 <- Reducer 20 (CUSTOM_SIMPLE_EDGE)
Reducer 3 <- Reducer 14 (SIMPLE_EDGE), Reducer 2 (SIMPLE_EDGE)
Reducer 31 <- Map 30 (SIMPLE_EDGE), Map 33 (SIMPLE_EDGE)
Reducer 32 <- Reducer 31 (SIMPLE_EDGE)
Reducer 4 <- Reducer 23 (SIMPLE_EDGE), Reducer 3 (SIMPLE_EDGE), Union 5 (CONTAINS)
Reducer 6 <- Union 5 (CUSTOM_SIMPLE_EDGE)
Reducer 8 <- Map 34 (SIMPLE_EDGE), Map 7 (SIMPLE_EDGE)
Reducer 9 <- Reducer 14 (SIMPLE_EDGE), Reducer 8 (SIMPLE_EDGE)

Stage-0
  Fetch Operator
    limit:100
    Stage-1
      Reducer 6 vectorized
      File Output Operator [FS_467]
        Limit [LIM_466] (rows=1 width=112)
          Number of rows:100
          Group By Operator [GBY_465] (rows=1 width=112)
            Output:["_col0"],aggregations:["sum(VALUE._col0)"]
          <-Union 5 [CUSTOM_SIMPLE_EDGE]
            <-Reducer 10 [CONTAINS]
              Reduce Output Operator [RS_402]
                Group By Operator [GBY_401] (rows=1 width=112)
                  Output:["_col0"],aggregations:["sum(_col0)"]
                  Select Operator [SEL_399] (rows=6 width=112)
                    Output:["_col0"]
                    Merge Join Operator [MERGEJOIN_398] (rows=6 width=19)
                      Conds:RS_254._col2=RS_255._col0(Inner),Output:["_col3","_col4"]
                    <-Reducer 27 [SIMPLE_EDGE]
                      SHUFFLE [RS_255]
                        PartitionCols:_col0
                        Select Operator [SEL_247] (rows=450644 width=4)
                          Output:["_col0"]
                          Filter Operator [FIL_246] (rows=450644 width=228)
                            predicate:(_col3 > (0.95 * _col1))
                            Merge Join Operator [MERGEJOIN_391] (rows=1351933 width=228)
                              Conds:(Inner),Output:["_col1","_col2","_col3"]
                            <-Reducer 32 [CUSTOM_SIMPLE_EDGE] vectorized
                              PARTITION_ONLY_SHUFFLE [RS_464]
                                Filter Operator [FIL_462] (rows=1351933 width=116)
                                  predicate:_col1 is not null
                                  Group By Operator [GBY_461] (rows=1351933 width=116)
                                    Output:["_col0","_col1"],aggregations:["sum(VALUE._col0)"],keys:KEY._col0
                                  <-Reducer 31 [SIMPLE_EDGE]
                                    SHUFFLE [RS_107]
                                      PartitionCols:_col0
                                      Group By Operator [GBY_106] (rows=550080312 width=116)
                                        Output:["_col0","_col1"],aggregations:["sum(_col1)"],keys:_col0
                                        Select Operator [SEL_104] (rows=550080312 width=114)
                                          Output:["_col0","_col1"]
                                          Merge Join Operator [MERGEJOIN_376] (rows=550080312 width=114)
                                            Conds:RS_460._col0=RS_435._col0(Inner),Output:["_col1","_col2","_col3"]
                                          <-Map 30 [SIMPLE_EDGE] vectorized
                                            SHUFFLE [RS_435]
                                              PartitionCols:_col0
                                              Select Operator [SEL_433] (rows=80000000 width=4)
                                                Output:["_col0"]
                                                Filter Operator [FIL_432] (rows=80000000 width=4)
                                                  predicate:c_customer_sk is not null
                                                  TableScan [TS_39] (rows=80000000 width=4)
                                                    default@customer,customer,Tbl:COMPLETE,Col:COMPLETE,Output:["c_customer_sk"]
                                          <-Map 33 [SIMPLE_EDGE] vectorized
                                            SHUFFLE [RS_460]
                                              PartitionCols:_col0
                                              Select Operator [SEL_459] (rows=550080312 width=114)
                                                Output:["_col0","_col1","_col2"]
                                                Filter Operator [FIL_458] (rows=550080312 width=114)
                                                  predicate:ss_customer_sk is not null
                                                  TableScan [TS_95] (rows=575995635 width=114)
                                                    default@store_sales,store_sales,Tbl:COMPLETE,Col:COMPLETE,Output:["ss_customer_sk","ss_quantity","ss_sales_price"]
                            <-Reducer 26 [CUSTOM_SIMPLE_EDGE]
                              PARTITION_ONLY_SHUFFLE [RS_243]
                                Merge Join Operator [MERGEJOIN_390] (rows=1 width=112)
                                  Conds:(Inner),Output:["_col1"]
                                <-Reducer 25 [CUSTOM_SIMPLE_EDGE] vectorized
                                  PARTITION_ONLY_SHUFFLE [RS_476]
                                    Select Operator [SEL_475] (rows=1 width=8)
                                      Filter Operator [FIL_474] (rows=1 width=8)
                                        predicate:(sq_count_check(_col0) <= 1)
                                        Group By Operator [GBY_473] (rows=1 width=8)
                                          Output:["_col0"],aggregations:["count()"]
                                          Select Operator [SEL_472] (rows=1 width=8)
                                            Group By Operator [GBY_471] (rows=1 width=8)
                                              Output:["_col0"],aggregations:["count(VALUE._col0)"]
                                            <-Reducer 20 [CUSTOM_SIMPLE_EDGE] vectorized
                                              PARTITION_ONLY_SHUFFLE [RS_447]
                                                Group By Operator [GBY_443] (rows=1 width=8)
                                                  Output:["_col0"],aggregations:["count(_col0)"]
                                                  Select Operator [SEL_439] (rows=11859 width=116)
                                                    Output:["_col0"]
                                                    Group By Operator [GBY_436] (rows=11859 width=116)
                                                      Output:["_col0","_col1"],aggregations:["sum(VALUE._col0)"],keys:KEY._col0
                                                    <-Reducer 19 [SIMPLE_EDGE]
                                                      SHUFFLE [RS_51]
                                                        PartitionCols:_col0
                                                        Group By Operator [GBY_50] (rows=11859 width=116)
                                                          Output:["_col0","_col1"],aggregations:["sum(_col1)"],keys:_col0
                                                          Select Operator [SEL_48] (rows=18762463 width=4)
                                                            Output:["_col0","_col1"]
                                                            Merge Join Operator [MERGEJOIN_373] (rows=18762463 width=4)
                                                              Conds:RS_45._col1=RS_434._col0(Inner),Output:["_col2","_col3","_col6"]
                                                            <-Map 30 [SIMPLE_EDGE] vectorized
                                                              SHUFFLE [RS_434]
                                                                PartitionCols:_col0
                                                                 Please refer to the previous Select Operator [SEL_433]
                                                            <-Reducer 18 [SIMPLE_EDGE]
                                                              SHUFFLE [RS_45]
                                                                PartitionCols:_col1
                                                                Merge Join Operator [MERGEJOIN_372] (rows=18762463 width=0)
                                                                  Conds:RS_428._col0=RS_431._col0(Inner),Output:["_col1","_col2","_col3"]
                                                                <-Map 17 [SIMPLE_EDGE] vectorized
                                                                  SHUFFLE [RS_428]
                                                                    PartitionCols:_col0
                                                                    Select Operator [SEL_427] (rows=525327388 width=118)
                                                                      Output:["_col0","_col1","_col2","_col3"]
                                                                      Filter Operator [FIL_426] (rows=525327388 width=118)
                                                                        predicate:(ss_customer_sk is not null and ss_sold_date_sk is not null)
                                                                        TableScan [TS_33] (rows=575995635 width=118)
                                                                          default@store_sales,store_sales,Tbl:COMPLETE,Col:COMPLETE,Output:["ss_sold_date_sk","ss_customer_sk","ss_quantity","ss_sales_price"]
                                                                <-Map 29 [SIMPLE_EDGE] vectorized
                                                                  SHUFFLE [RS_431]
                                                                    PartitionCols:_col0
                                                                    Select Operator [SEL_430] (rows=2609 width=8)
                                                                      Output:["_col0"]
                                                                      Filter Operator [FIL_429] (rows=2609 width=8)
                                                                        predicate:((d_year) IN (1999, 2000, 2001, 2002) and d_date_sk is not null)
                                                                        TableScan [TS_36] (rows=73049 width=8)
                                                                          default@date_dim,date_dim,Tbl:COMPLETE,Col:COMPLETE,Output:["d_date_sk","d_year"]
                                <-Reducer 28 [CUSTOM_SIMPLE_EDGE] vectorized
                                  PARTITION_ONLY_SHUFFLE [RS_479]
                                    Filter Operator [FIL_478] (rows=1 width=112)
                                      predicate:_col0 is not null
                                      Group By Operator [GBY_477] (rows=1 width=112)
                                        Output:["_col0"],aggregations:["max(VALUE._col0)"]
                                      <-Reducer 20 [CUSTOM_SIMPLE_EDGE] vectorized
                                        PARTITION_ONLY_SHUFFLE [RS_448]
                                          Group By Operator [GBY_444] (rows=1 width=112)
                                            Output:["_col0"],aggregations:["max(_col1)"]
                                            Select Operator [SEL_440] (rows=11859 width=116)
                                              Output:["_col1"]
                                               Please refer to the previous Group By Operator [GBY_436]
                    <-Reducer 9 [SIMPLE_EDGE]
                      SHUFFLE [RS_254]
                        PartitionCols:_col2
                        Merge Join Operator [MERGEJOIN_386] (rows=148 width=0)
                          Conds:RS_251._col1=RS_425._col0(Inner),Output:["_col2","_col3","_col4"]
                        <-Reducer 14 [SIMPLE_EDGE] vectorized
                          SHUFFLE [RS_425]
                            PartitionCols:_col0
                            Group By Operator [GBY_423] (rows=2134 width=4)
                              Output:["_col0"],keys:_col1
                              Select Operator [SEL_422] (rows=6548799 width=12)
                                Output:["_col1"]
                                Filter Operator [FIL_421] (rows=6548799 width=12)
                                  predicate:(_col3 > 4L)
                                  Select Operator [SEL_420] (rows=19646398 width=12)
                                    Output:["_col0","_col3"]
                                    Group By Operator [GBY_419] (rows=19646398 width=290)
                                      Output:["_col0","_col1","_col2","_col3"],aggregations:["count(VALUE._col0)"],keys:KEY._col0, KEY._col1, KEY._col2
                                    <-Reducer 13 [SIMPLE_EDGE]
                                      SHUFFLE [RS_24]
                                        PartitionCols:_col0
                                        Group By Operator [GBY_23] (rows=19646398 width=290)
                                          Output:["_col0","_col1","_col2","_col3"],aggregations:["count()"],keys:_col1, _col0, _col2
                                          Select Operator [SEL_21] (rows=19646398 width=282)
                                            Output:["_col0","_col1","_col2"]
                                            Merge Join Operator [MERGEJOIN_371] (rows=19646398 width=282)
                                              Conds:RS_18._col1=RS_418._col0(Inner),Output:["_col3","_col5","_col6"]
                                            <-Map 16 [SIMPLE_EDGE] vectorized
                                              SHUFFLE [RS_418]
                                                PartitionCols:_col0
                                                Select Operator [SEL_417] (rows=462000 width=188)
                                                  Output:["_col0","_col1"]
                                                  Filter Operator [FIL_416] (rows=462000 width=188)
                                                    predicate:i_item_sk is not null
                                                    TableScan [TS_12] (rows=462000 width=188)
                                                      default@item,item,Tbl:COMPLETE,Col:COMPLETE,Output:["i_item_sk","i_item_desc"]
                                            <-Reducer 12 [SIMPLE_EDGE]
                                              SHUFFLE [RS_18]
                                                PartitionCols:_col1
                                                Merge Join Operator [MERGEJOIN_370] (rows=19646398 width=98)
                                                  Conds:RS_412._col0=RS_415._col0(Inner),Output:["_col1","_col3"]
                                                <-Map 11 [SIMPLE_EDGE] vectorized
                                                  SHUFFLE [RS_412]
                                                    PartitionCols:_col0
                                                    Select Operator [SEL_411] (rows=550076554 width=7)
                                                      Output:["_col0","_col1"]
                                                      Filter Operator [FIL_410] (rows=550076554 width=7)
                                                        predicate:(ss_item_sk is not null and ss_sold_date_sk is not null)
                                                        TableScan [TS_6] (rows=575995635 width=7)
                                                          default@store_sales,store_sales,Tbl:COMPLETE,Col:COMPLETE,Output:["ss_sold_date_sk","ss_item_sk"]
                                                <-Map 15 [SIMPLE_EDGE] vectorized
                                                  SHUFFLE [RS_415]
                                                    PartitionCols:_col0
                                                    Select Operator [SEL_414] (rows=2609 width=102)
                                                      Output:["_col0","_col1"]
                                                      Filter Operator [FIL_413] (rows=2609 width=102)
                                                        predicate:((d_year) IN (1999, 2000, 2001, 2002) and d_date_sk is not null)
                                                        TableScan [TS_9] (rows=73049 width=102)
                                                          default@date_dim,date_dim,Tbl:COMPLETE,Col:COMPLETE,Output:["d_date_sk","d_date","d_year"]
                        <-Reducer 8 [SIMPLE_EDGE]
                          SHUFFLE [RS_251]
                            PartitionCols:_col1
                            Merge Join Operator [MERGEJOIN_377] (rows=3941102 width=122)
                              Conds:RS_470._col0=RS_409._col0(Inner),Output:["_col1","_col2","_col3","_col4"]
                            <-Map 7 [SIMPLE_EDGE] vectorized
                              SHUFFLE [RS_409]
                                PartitionCols:_col0
                                Select Operator [SEL_407] (rows=50 width=12)
                                  Output:["_col0"]
                                  Filter Operator [FIL_406] (rows=50 width=12)
                                    predicate:((d_moy = 1) and (d_year = 1999) and d_date_sk is not null)
                                    TableScan [TS_3] (rows=73049 width=12)
                                      default@date_dim,date_dim,Tbl:COMPLETE,Col:COMPLETE,Output:["d_date_sk","d_year","d_moy"]
                            <-Map 34 [SIMPLE_EDGE] vectorized
                              SHUFFLE [RS_470]
                                PartitionCols:_col0
                                Select Operator [SEL_469] (rows=143930993 width=127)
                                  Output:["_col0","_col1","_col2","_col3","_col4"]
                                  Filter Operator [FIL_468] (rows=143930993 width=127)
                                    predicate:(ws_bill_customer_sk is not null and ws_item_sk is not null and ws_sold_date_sk is not null)
                                    TableScan [TS_129] (rows=144002668 width=127)
                                      default@web_sales,web_sales,Tbl:COMPLETE,Col:COMPLETE,Output:["ws_sold_date_sk","ws_item_sk","ws_bill_customer_sk","ws_quantity","ws_list_price"]
            <-Reducer 4 [CONTAINS]
              Reduce Output Operator [RS_397]
                Group By Operator [GBY_396] (rows=1 width=112)
                  Output:["_col0"],aggregations:["sum(_col0)"]
                  Select Operator [SEL_394] (rows=12 width=112)
                    Output:["_col0"]
                    Merge Join Operator [MERGEJOIN_393] (rows=12 width=9)
                      Conds:RS_125._col1=RS_126._col0(Inner),Output:["_col3","_col4"]
                    <-Reducer 23 [SIMPLE_EDGE]
                      SHUFFLE [RS_126]
                        PartitionCols:_col0
                        Select Operator [SEL_118] (rows=450644 width=4)
                          Output:["_col0"]
                          Filter Operator [FIL_117] (rows=450644 width=228)
                            predicate:(_col3 > (0.95 * _col1))
                            Merge Join Operator [MERGEJOIN_388] (rows=1351933 width=228)
                              Conds:(Inner),Output:["_col1","_col2","_col3"]
                            <-Reducer 32 [CUSTOM_SIMPLE_EDGE] vectorized
                              PARTITION_ONLY_SHUFFLE [RS_463]
                                 Please refer to the previous Filter Operator [FIL_462]
                            <-Reducer 22 [CUSTOM_SIMPLE_EDGE]
                              PARTITION_ONLY_SHUFFLE [RS_114]
                                Merge Join Operator [MERGEJOIN_387] (rows=1 width=112)
                                  Conds:(Inner),Output:["_col1"]
                                <-Reducer 21 [CUSTOM_SIMPLE_EDGE] vectorized
                                  PARTITION_ONLY_SHUFFLE [RS_454]
                                    Select Operator [SEL_453] (rows=1 width=8)
                                      Filter Operator [FIL_452] (rows=1 width=8)
                                        predicate:(sq_count_check(_col0) <= 1)
                                        Group By Operator [GBY_451] (rows=1 width=8)
                                          Output:["_col0"],aggregations:["count()"]
                                          Select Operator [SEL_450] (rows=1 width=8)
                                            Group By Operator [GBY_449] (rows=1 width=8)
                                              Output:["_col0"],aggregations:["count(VALUE._col0)"]
                                            <-Reducer 20 [CUSTOM_SIMPLE_EDGE] vectorized
                                              PARTITION_ONLY_SHUFFLE [RS_445]
                                                Group By Operator [GBY_441] (rows=1 width=8)
                                                  Output:["_col0"],aggregations:["count(_col0)"]
                                                  Select Operator [SEL_437] (rows=11859 width=116)
                                                    Output:["_col0"]
                                                     Please refer to the previous Group By Operator [GBY_436]
                                <-Reducer 24 [CUSTOM_SIMPLE_EDGE] vectorized
                                  PARTITION_ONLY_SHUFFLE [RS_457]
                                    Filter Operator [FIL_456] (rows=1 width=112)
                                      predicate:_col0 is not null
                                      Group By Operator [GBY_455] (rows=1 width=112)
                                        Output:["_col0"],aggregations:["max(VALUE._col0)"]
                                      <-Reducer 20 [CUSTOM_SIMPLE_EDGE] vectorized
                                        PARTITION_ONLY_SHUFFLE [RS_446]
                                          Group By Operator [GBY_442] (rows=1 width=112)
                                            Output:["_col0"],aggregations:["max(_col1)"]
                                            Select Operator [SEL_438] (rows=11859 width=116)
                                              Output:["_col1"]
                                               Please refer to the previous Group By Operator [GBY_436]
                    <-Reducer 3 [SIMPLE_EDGE]
                      SHUFFLE [RS_125]
                        PartitionCols:_col1
                        Merge Join Operator [MERGEJOIN_385] (rows=290 width=0)
                          Conds:RS_122._col2=RS_424._col0(Inner),Output:["_col1","_col3","_col4"]
                        <-Reducer 14 [SIMPLE_EDGE] vectorized
                          SHUFFLE [RS_424]
                            PartitionCols:_col0
                             Please refer to the previous Group By Operator [GBY_423]
                        <-Reducer 2 [SIMPLE_EDGE]
                          SHUFFLE [RS_122]
                            PartitionCols:_col2
                            Merge Join Operator [MERGEJOIN_369] (rows=7751875 width=101)
                              Conds:RS_405._col0=RS_408._col0(Inner),Output:["_col1","_col2","_col3","_col4"]
                            <-Map 7 [SIMPLE_EDGE] vectorized
                              SHUFFLE [RS_408]
                                PartitionCols:_col0
                                 Please refer to the previous Select Operator [SEL_407]
                            <-Map 1 [SIMPLE_EDGE] vectorized
                              SHUFFLE [RS_405]
                                PartitionCols:_col0
                                Select Operator [SEL_404] (rows=285117831 width=127)
                                  Output:["_col0","_col1","_col2","_col3","_col4"]
                                  Filter Operator [FIL_403] (rows=285117831 width=127)
                                    predicate:(cs_bill_customer_sk is not null and cs_item_sk is not null and cs_sold_date_sk is not null)
                                    TableScan [TS_0] (rows=287989836 width=127)
                                      default@catalog_sales,catalog_sales,Tbl:COMPLETE,Col:COMPLETE,Output:["cs_sold_date_sk","cs_bill_customer_sk","cs_item_sk","cs_quantity","cs_list_price"]

