PREHOOK: query: explain
select  
   count(distinct ws_order_number) as `order count`
  ,sum(ws_ext_ship_cost) as `total shipping cost`
  ,sum(ws_net_profit) as `total net profit`
from
   web_sales ws1
  ,date_dim
  ,customer_address
  ,web_site
where
    d_date between '1999-5-01' and 
           (cast('1999-5-01' as date) + 60 days)
and ws1.ws_ship_date_sk = d_date_sk
and ws1.ws_ship_addr_sk = ca_address_sk
and ca_state = 'TX'
and ws1.ws_web_site_sk = web_site_sk
and web_company_name = 'pri'
and exists (select *
            from web_sales ws2
            where ws1.ws_order_number = ws2.ws_order_number
              and ws1.ws_warehouse_sk <> ws2.ws_warehouse_sk)
and not exists(select *
               from web_returns wr1
               where ws1.ws_order_number = wr1.wr_order_number)
order by count(distinct ws_order_number)
limit 100
PREHOOK: type: QUERY
PREHOOK: Input: default@customer_address
PREHOOK: Input: default@date_dim
PREHOOK: Input: default@web_returns
PREHOOK: Input: default@web_sales
PREHOOK: Input: default@web_site
PREHOOK: Output: hdfs://### HDFS PATH ###
POSTHOOK: query: explain
select  
   count(distinct ws_order_number) as `order count`
  ,sum(ws_ext_ship_cost) as `total shipping cost`
  ,sum(ws_net_profit) as `total net profit`
from
   web_sales ws1
  ,date_dim
  ,customer_address
  ,web_site
where
    d_date between '1999-5-01' and 
           (cast('1999-5-01' as date) + 60 days)
and ws1.ws_ship_date_sk = d_date_sk
and ws1.ws_ship_addr_sk = ca_address_sk
and ca_state = 'TX'
and ws1.ws_web_site_sk = web_site_sk
and web_company_name = 'pri'
and exists (select *
            from web_sales ws2
            where ws1.ws_order_number = ws2.ws_order_number
              and ws1.ws_warehouse_sk <> ws2.ws_warehouse_sk)
and not exists(select *
               from web_returns wr1
               where ws1.ws_order_number = wr1.wr_order_number)
order by count(distinct ws_order_number)
limit 100
POSTHOOK: type: QUERY
POSTHOOK: Input: default@customer_address
POSTHOOK: Input: default@date_dim
POSTHOOK: Input: default@web_returns
POSTHOOK: Input: default@web_sales
POSTHOOK: Input: default@web_site
POSTHOOK: Output: hdfs://### HDFS PATH ###
Plan optimized by CBO.

Vertex dependency in root stage
Reducer 2 <- Map 1 (SIMPLE_EDGE), Map 10 (SIMPLE_EDGE)
Reducer 3 <- Map 11 (SIMPLE_EDGE), Reducer 2 (SIMPLE_EDGE)
Reducer 4 <- Map 12 (SIMPLE_EDGE), Reducer 3 (SIMPLE_EDGE)
Reducer 5 <- Map 13 (SIMPLE_EDGE), Reducer 4 (SIMPLE_EDGE)
Reducer 6 <- Map 14 (SIMPLE_EDGE), Reducer 5 (SIMPLE_EDGE)
Reducer 7 <- Reducer 6 (SIMPLE_EDGE)
Reducer 8 <- Reducer 7 (CUSTOM_SIMPLE_EDGE)
Reducer 9 <- Reducer 8 (SIMPLE_EDGE)

Stage-0
  Fetch Operator
    limit:-1
    Stage-1
      Reducer 9 vectorized
      File Output Operator [FS_105]
        Limit [LIM_104] (rows=1 width=240)
          Number of rows:100
          Select Operator [SEL_103] (rows=1 width=240)
            Output:["_col0","_col1","_col2"]
          <-Reducer 8 [SIMPLE_EDGE] vectorized
            SHUFFLE [RS_102]
              Select Operator [SEL_101] (rows=1 width=240)
                Output:["_col1","_col2","_col3"]
                Group By Operator [GBY_100] (rows=1 width=232)
                  Output:["_col0","_col1","_col2"],aggregations:["count(VALUE._col0)","sum(VALUE._col1)","sum(VALUE._col2)"]
                <-Reducer 7 [CUSTOM_SIMPLE_EDGE] vectorized
                  PARTITION_ONLY_SHUFFLE [RS_99]
                    Group By Operator [GBY_98] (rows=1 width=232)
                      Output:["_col0","_col1","_col2"],aggregations:["count(_col0)","sum(_col1)","sum(_col2)"]
                      Group By Operator [GBY_97] (rows=2511437 width=228)
                        Output:["_col0","_col1","_col2"],aggregations:["sum(VALUE._col0)","sum(VALUE._col1)"],keys:KEY._col0
                      <-Reducer 6 [SIMPLE_EDGE]
                        SHUFFLE [RS_69]
                          PartitionCols:_col0
                          Group By Operator [GBY_68] (rows=2511437 width=228)
                            Output:["_col0","_col2","_col3"],aggregations:["sum(_col5)","sum(_col6)"],keys:_col4
                            Select Operator [SEL_37] (rows=5022875 width=230)
                              Output:["_col4","_col5","_col6"]
                              Filter Operator [FIL_36] (rows=5022875 width=230)
                                predicate:_col14 is null
                                Merge Join Operator [MERGEJOIN_78] (rows=14054072 width=230)
                                  Conds:RS_33._col4=RS_96._col0(Left Outer),Output:["_col4","_col5","_col6","_col14"]
                                <-Map 14 [SIMPLE_EDGE] vectorized
                                  SHUFFLE [RS_96]
                                    PartitionCols:_col0
                                    Select Operator [SEL_95] (rows=14398467 width=8)
                                      Output:["_col0","_col1"]
                                      TableScan [TS_25] (rows=14398467 width=4)
                                        default@web_returns,wr1,Tbl:COMPLETE,Col:COMPLETE,Output:["wr_order_number"]
                                <-Reducer 5 [SIMPLE_EDGE]
                                  SHUFFLE [RS_33]
                                    PartitionCols:_col4
                                    Select Operator [SEL_32] (rows=5022875 width=231)
                                      Output:["_col4","_col5","_col6"]
                                      Merge Join Operator [MERGEJOIN_77] (rows=5022875 width=235)
                                        Conds:RS_29._col4=RS_94._col0(Left Semi),Output:["_col3","_col4","_col5","_col6","_col14"],residual filter predicates:{(_col3 <> _col14)}
                                      <-Map 13 [SIMPLE_EDGE] vectorized
                                        SHUFFLE [RS_94]
                                          PartitionCols:_col0
                                          Group By Operator [GBY_93] (rows=143966743 width=7)
                                            Output:["_col0","_col1"],keys:_col0, _col1
                                            Select Operator [SEL_92] (rows=143966743 width=7)
                                              Output:["_col0","_col1"]
                                              Filter Operator [FIL_91] (rows=143966743 width=7)
                                                predicate:ws_warehouse_sk is not null
                                                TableScan [TS_22] (rows=144002668 width=7)
                                                  default@web_sales,ws2,Tbl:COMPLETE,Col:COMPLETE,Output:["ws_warehouse_sk","ws_order_number"]
                                      <-Reducer 4 [SIMPLE_EDGE]
                                        SHUFFLE [RS_29]
                                          PartitionCols:_col4
                                          Merge Join Operator [MERGEJOIN_76] (rows=5022875 width=231)
                                            Conds:RS_18._col2=RS_90._col0(Inner),Output:["_col3","_col4","_col5","_col6"]
                                          <-Map 12 [SIMPLE_EDGE] vectorized
                                            SHUFFLE [RS_90]
                                              PartitionCols:_col0
                                              Select Operator [SEL_89] (rows=12 width=91)
                                                Output:["_col0"]
                                                Filter Operator [FIL_88] (rows=12 width=92)
                                                  predicate:(web_company_name = 'pri')
                                                  TableScan [TS_9] (rows=84 width=92)
                                                    default@web_site,web_site,Tbl:COMPLETE,Col:COMPLETE,Output:["web_site_sk","web_company_name"]
                                          <-Reducer 3 [SIMPLE_EDGE]
                                            SHUFFLE [RS_18]
                                              PartitionCols:_col2
                                              Merge Join Operator [MERGEJOIN_75] (rows=15673790 width=235)
                                                Conds:RS_15._col1=RS_87._col0(Inner),Output:["_col2","_col3","_col4","_col5","_col6"]
                                              <-Map 11 [SIMPLE_EDGE] vectorized
                                                SHUFFLE [RS_87]
                                                  PartitionCols:_col0
                                                  Select Operator [SEL_86] (rows=784314 width=90)
                                                    Output:["_col0"]
                                                    Filter Operator [FIL_85] (rows=784314 width=90)
                                                      predicate:(ca_state = 'TX')
                                                      TableScan [TS_6] (rows=40000000 width=90)
                                                        default@customer_address,customer_address,Tbl:COMPLETE,Col:COMPLETE,Output:["ca_address_sk","ca_state"]
                                              <-Reducer 2 [SIMPLE_EDGE]
                                                SHUFFLE [RS_15]
                                                  PartitionCols:_col1
                                                  Merge Join Operator [MERGEJOIN_74] (rows=15987241 width=239)
                                                    Conds:RS_81._col0=RS_84._col0(Inner),Output:["_col1","_col2","_col3","_col4","_col5","_col6"]
                                                  <-Map 1 [SIMPLE_EDGE] vectorized
                                                    SHUFFLE [RS_81]
                                                      PartitionCols:_col0
                                                      Select Operator [SEL_80] (rows=143895019 width=243)
                                                        Output:["_col0","_col1","_col2","_col3","_col4","_col5","_col6"]
                                                        Filter Operator [FIL_79] (rows=143895019 width=243)
                                                          predicate:(ws_ship_addr_sk is not null and ws_ship_date_sk is not null and ws_web_site_sk is not null)
                                                          TableScan [TS_0] (rows=144002668 width=243)
                                                            default@web_sales,ws1,Tbl:COMPLETE,Col:COMPLETE,Output:["ws_ship_date_sk","ws_ship_addr_sk","ws_web_site_sk","ws_warehouse_sk","ws_order_number","ws_ext_ship_cost","ws_net_profit"]
                                                  <-Map 10 [SIMPLE_EDGE] vectorized
                                                    SHUFFLE [RS_84]
                                                      PartitionCols:_col0
                                                      Select Operator [SEL_83] (rows=8116 width=98)
                                                        Output:["_col0"]
                                                        Filter Operator [FIL_82] (rows=8116 width=98)
                                                          predicate:CAST( d_date AS TIMESTAMP) BETWEEN TIMESTAMP'1999-05-01 00:00:00' AND TIMESTAMP'1999-06-30 00:00:00'
                                                          TableScan [TS_3] (rows=73049 width=98)
                                                            default@date_dim,date_dim,Tbl:COMPLETE,Col:COMPLETE,Output:["d_date_sk","d_date"]

