Warning: Map Join MAPJOIN[108][bigTable=?] in task 'Map 1' is a cross product
PREHOOK: query: explain
select  a.ca_state state, count(*) cnt
 from customer_address a
     ,customer c
     ,store_sales s
     ,date_dim d
     ,item i
 where       a.ca_address_sk = c.c_current_addr_sk
 	and c.c_customer_sk = s.ss_customer_sk
 	and s.ss_sold_date_sk = d.d_date_sk
 	and s.ss_item_sk = i.i_item_sk
 	and d.d_month_seq = 
 	     (select distinct (d_month_seq)
 	      from date_dim
               where d_year = 2000
 	        and d_moy = 2 )
 	and i.i_current_price > 1.2 * 
             (select avg(j.i_current_price) 
 	     from item j 
 	     where j.i_category = i.i_category)
 group by a.ca_state
 having count(*) >= 10
 order by cnt 
 limit 100
PREHOOK: type: QUERY
PREHOOK: Input: default@customer
PREHOOK: Input: default@customer_address
PREHOOK: Input: default@date_dim
PREHOOK: Input: default@item
PREHOOK: Input: default@store_sales
PREHOOK: Output: hdfs://### HDFS PATH ###
POSTHOOK: query: explain
select  a.ca_state state, count(*) cnt
 from customer_address a
     ,customer c
     ,store_sales s
     ,date_dim d
     ,item i
 where       a.ca_address_sk = c.c_current_addr_sk
 	and c.c_customer_sk = s.ss_customer_sk
 	and s.ss_sold_date_sk = d.d_date_sk
 	and s.ss_item_sk = i.i_item_sk
 	and d.d_month_seq = 
 	     (select distinct (d_month_seq)
 	      from date_dim
               where d_year = 2000
 	        and d_moy = 2 )
 	and i.i_current_price > 1.2 * 
             (select avg(j.i_current_price) 
 	     from item j 
 	     where j.i_category = i.i_category)
 group by a.ca_state
 having count(*) >= 10
 order by cnt 
 limit 100
POSTHOOK: type: QUERY
POSTHOOK: Input: default@customer
POSTHOOK: Input: default@customer_address
POSTHOOK: Input: default@date_dim
POSTHOOK: Input: default@item
POSTHOOK: Input: default@store_sales
POSTHOOK: Output: hdfs://### HDFS PATH ###
Plan optimized by CBO.

Vertex dependency in root stage
Map 1 <- Reducer 6 (BROADCAST_EDGE)
Map 10 <- Map 9 (BROADCAST_EDGE)
Map 11 <- Reducer 15 (BROADCAST_EDGE), Reducer 3 (BROADCAST_EDGE)
Map 9 <- Reducer 7 (BROADCAST_EDGE)
Reducer 12 <- Map 11 (SIMPLE_EDGE)
Reducer 13 <- Reducer 12 (SIMPLE_EDGE)
Reducer 15 <- Map 14 (SIMPLE_EDGE)
Reducer 2 <- Map 1 (SIMPLE_EDGE), Map 8 (SIMPLE_EDGE)
Reducer 3 <- Map 10 (SIMPLE_EDGE), Reducer 2 (SIMPLE_EDGE)
Reducer 5 <- Map 4 (SIMPLE_EDGE)
Reducer 6 <- Reducer 5 (CUSTOM_SIMPLE_EDGE)
Reducer 7 <- Map 4 (SIMPLE_EDGE)

Stage-0
  Fetch Operator
    limit:100
    Stage-1
      Reducer 13 vectorized
      File Output Operator [FS_172]
        Limit [LIM_171] (rows=1 width=94)
          Number of rows:100
          Select Operator [SEL_170] (rows=1 width=94)
            Output:["_col0","_col1"]
          <-Reducer 12 [SIMPLE_EDGE] vectorized
            SHUFFLE [RS_169]
              Filter Operator [FIL_168] (rows=1 width=94)
                predicate:(_col1 >= 10L)
                Group By Operator [GBY_167] (rows=1 width=94)
                  Output:["_col0","_col1"],aggregations:["count(VALUE._col0)"],keys:KEY._col0
                <-Map 11 [SIMPLE_EDGE] vectorized
                  SHUFFLE [RS_166]
                    PartitionCols:_col0
                    Group By Operator [GBY_165] (rows=1 width=94)
                      Output:["_col0","_col1"],aggregations:["count()"],keys:_col4
                      Map Join Operator [MAPJOIN_164] (rows=1 width=86)
                        Conds:RS_63._col6=SEL_163._col0(Inner),HybridGraceHashJoin:true,Output:["_col4"]
                      <-Reducer 3 [BROADCAST_EDGE]
                        BROADCAST [RS_63]
                          PartitionCols:_col6
                          Merge Join Operator [MERGEJOIN_113] (rows=394 width=90)
                            Conds:RS_60._col0=RS_152._col2(Inner),Output:["_col4","_col6"]
                          <-Map 10 [SIMPLE_EDGE] vectorized
                            SHUFFLE [RS_152]
                              PartitionCols:_col2
                              Select Operator [SEL_151] (rows=575379 width=4)
                                Output:["_col1","_col2"]
                                Map Join Operator [MAPJOIN_150] (rows=575379 width=4)
                                  Conds:RS_147._col0=SEL_149._col0(Inner),HybridGraceHashJoin:true,Output:["_col4","_col5"]
                                <-Map 9 [BROADCAST_EDGE] vectorized
                                  BROADCAST [RS_147]
                                    PartitionCols:_col0
                                    Map Join Operator [MAPJOIN_146] (rows=52 width=4)
                                      Conds:SEL_145._col1=RS_143._col0(Inner),HybridGraceHashJoin:true,Output:["_col0"]
                                    <-Reducer 7 [BROADCAST_EDGE] vectorized
                                      BROADCAST [RS_143]
                                        PartitionCols:_col0
                                        Group By Operator [GBY_142] (rows=2 width=4)
                                          Output:["_col0"],keys:KEY._col0
                                        <-Map 4 [SIMPLE_EDGE] vectorized
                                          SHUFFLE [RS_127]
                                            PartitionCols:_col0
                                            Group By Operator [GBY_125] (rows=2 width=4)
                                              Output:["_col0"],keys:d_month_seq
                                              Select Operator [SEL_123] (rows=50 width=12)
                                                Output:["d_month_seq"]
                                                Filter Operator [FIL_121] (rows=50 width=12)
                                                  predicate:((d_moy = 2) and (d_year = 2000) and d_month_seq is not null)
                                                  TableScan [TS_3] (rows=73049 width=12)
                                                    default@date_dim,date_dim,Tbl:COMPLETE,Col:COMPLETE,Output:["d_month_seq","d_year","d_moy"]
                                    <-Select Operator [SEL_145] (rows=73049 width=8)
                                        Output:["_col0","_col1"]
                                        Filter Operator [FIL_144] (rows=73049 width=8)
                                          predicate:d_month_seq is not null
                                          TableScan [TS_19] (rows=73049 width=8)
                                            default@date_dim,d,Tbl:COMPLETE,Col:COMPLETE,Output:["d_date_sk","d_month_seq"]
                                <-Select Operator [SEL_149] (rows=525327388 width=11)
                                    Output:["_col0","_col1","_col2"]
                                    Filter Operator [FIL_148] (rows=525327388 width=11)
                                      predicate:(ss_customer_sk is not null and ss_sold_date_sk is not null)
                                      TableScan [TS_29] (rows=575995635 width=11)
                                        default@store_sales,s,Tbl:COMPLETE,Col:COMPLETE,Output:["ss_sold_date_sk","ss_item_sk","ss_customer_sk"]
                          <-Reducer 2 [SIMPLE_EDGE]
                            SHUFFLE [RS_60]
                              PartitionCols:_col0
                              Merge Join Operator [MERGEJOIN_109] (rows=80000000 width=90)
                                Conds:RS_139._col1=RS_141._col0(Inner),Output:["_col0","_col4"]
                              <-Map 1 [SIMPLE_EDGE] vectorized
                                SHUFFLE [RS_139]
                                  PartitionCols:_col1
                                  Map Join Operator [MAPJOIN_138] (rows=80000000 width=8)
                                    Conds:(Inner),Output:["_col0","_col1"]
                                  <-Reducer 6 [BROADCAST_EDGE] vectorized
                                    BROADCAST [RS_135]
                                      Select Operator [SEL_134] (rows=1 width=8)
                                        Filter Operator [FIL_133] (rows=1 width=8)
                                          predicate:(sq_count_check(_col0) <= 1)
                                          Group By Operator [GBY_132] (rows=1 width=8)
                                            Output:["_col0"],aggregations:["count(VALUE._col0)"]
                                          <-Reducer 5 [CUSTOM_SIMPLE_EDGE] vectorized
                                            PARTITION_ONLY_SHUFFLE [RS_131]
                                              Group By Operator [GBY_130] (rows=1 width=8)
                                                Output:["_col0"],aggregations:["count()"]
                                                Select Operator [SEL_129] (rows=25 width=4)
                                                  Group By Operator [GBY_128] (rows=25 width=4)
                                                    Output:["_col0"],keys:KEY._col0
                                                  <-Map 4 [SIMPLE_EDGE] vectorized
                                                    SHUFFLE [RS_126]
                                                      PartitionCols:_col0
                                                      Group By Operator [GBY_124] (rows=25 width=4)
                                                        Output:["_col0"],keys:d_month_seq
                                                        Select Operator [SEL_122] (rows=50 width=12)
                                                          Output:["d_month_seq"]
                                                          Filter Operator [FIL_120] (rows=50 width=12)
                                                            predicate:((d_moy = 2) and (d_year = 2000))
                                                             Please refer to the previous TableScan [TS_3]
                                  <-Select Operator [SEL_137] (rows=80000000 width=8)
                                      Output:["_col0","_col1"]
                                      Filter Operator [FIL_136] (rows=80000000 width=8)
                                        predicate:c_current_addr_sk is not null
                                        TableScan [TS_0] (rows=80000000 width=8)
                                          default@customer,c,Tbl:COMPLETE,Col:COMPLETE,Output:["c_customer_sk","c_current_addr_sk"]
                              <-Map 8 [SIMPLE_EDGE] vectorized
                                SHUFFLE [RS_141]
                                  PartitionCols:_col0
                                  Select Operator [SEL_140] (rows=40000000 width=90)
                                    Output:["_col0","_col1"]
                                    TableScan [TS_17] (rows=40000000 width=90)
                                      default@customer_address,a,Tbl:COMPLETE,Col:COMPLETE,Output:["ca_address_sk","ca_state"]
                      <-Select Operator [SEL_163] (rows=154000 width=227)
                          Output:["_col0"]
                          Filter Operator [FIL_162] (rows=154000 width=227)
                            predicate:(_col1 > _col4)
                            Map Join Operator [MAPJOIN_161] (rows=462000 width=227)
                              Conds:SEL_160._col2=RS_158._col0(Inner),HybridGraceHashJoin:true,Output:["_col0","_col1","_col4"]
                            <-Reducer 15 [BROADCAST_EDGE] vectorized
                              BROADCAST [RS_158]
                                PartitionCols:_col0
                                Select Operator [SEL_157] (rows=10 width=202)
                                  Output:["_col0","_col1"]
                                  Group By Operator [GBY_156] (rows=10 width=210)
                                    Output:["_col0","_col1","_col2"],aggregations:["sum(VALUE._col0)","count(VALUE._col1)"],keys:KEY._col0
                                  <-Map 14 [SIMPLE_EDGE] vectorized
                                    SHUFFLE [RS_155]
                                      PartitionCols:_col0
                                      Group By Operator [GBY_154] (rows=10 width=210)
                                        Output:["_col0","_col1","_col2"],aggregations:["sum(i_current_price)","count(i_current_price)"],keys:i_category
                                        Filter Operator [FIL_153] (rows=462000 width=201)
                                          predicate:i_category is not null
                                          TableScan [TS_42] (rows=462000 width=201)
                                            default@item,j,Tbl:COMPLETE,Col:COMPLETE,Output:["i_current_price","i_category"]
                            <-Select Operator [SEL_160] (rows=462000 width=205)
                                Output:["_col0","_col1","_col2"]
                                Filter Operator [FIL_159] (rows=462000 width=205)
                                  predicate:i_category is not null
                                  TableScan [TS_39] (rows=462000 width=205)
                                    default@item,i,Tbl:COMPLETE,Col:COMPLETE,Output:["i_item_sk","i_current_price","i_category"]

