PREHOOK: query: explain
with customer_total_return as
(select sr_customer_sk as ctr_customer_sk
,sr_store_sk as ctr_store_sk
,sum(SR_FEE) as ctr_total_return
from store_returns
,date_dim
where sr_returned_date_sk = d_date_sk
and d_year =2000
group by sr_customer_sk
,sr_store_sk)
 select  c_customer_id
from customer_total_return ctr1
,store
,customer
where ctr1.ctr_total_return > (select avg(ctr_total_return)*1.2
from customer_total_return ctr2
where ctr1.ctr_store_sk = ctr2.ctr_store_sk)
and s_store_sk = ctr1.ctr_store_sk
and s_state = 'NM'
and ctr1.ctr_customer_sk = c_customer_sk
order by c_customer_id
limit 100
PREHOOK: type: QUERY
PREHOOK: Input: default@customer
PREHOOK: Input: default@date_dim
PREHOOK: Input: default@store
PREHOOK: Input: default@store_returns
PREHOOK: Output: hdfs://### HDFS PATH ###
POSTHOOK: query: explain
with customer_total_return as
(select sr_customer_sk as ctr_customer_sk
,sr_store_sk as ctr_store_sk
,sum(SR_FEE) as ctr_total_return
from store_returns
,date_dim
where sr_returned_date_sk = d_date_sk
and d_year =2000
group by sr_customer_sk
,sr_store_sk)
 select  c_customer_id
from customer_total_return ctr1
,store
,customer
where ctr1.ctr_total_return > (select avg(ctr_total_return)*1.2
from customer_total_return ctr2
where ctr1.ctr_store_sk = ctr2.ctr_store_sk)
and s_store_sk = ctr1.ctr_store_sk
and s_state = 'NM'
and ctr1.ctr_customer_sk = c_customer_sk
order by c_customer_id
limit 100
POSTHOOK: type: QUERY
POSTHOOK: Input: default@customer
POSTHOOK: Input: default@date_dim
POSTHOOK: Input: default@store
POSTHOOK: Input: default@store_returns
POSTHOOK: Output: hdfs://### HDFS PATH ###
Plan optimized by CBO.

Vertex dependency in root stage
Reducer 10 <- Reducer 9 (SIMPLE_EDGE)
Reducer 2 <- Map 1 (SIMPLE_EDGE), Reducer 8 (SIMPLE_EDGE)
Reducer 3 <- Reducer 10 (SIMPLE_EDGE), Reducer 2 (SIMPLE_EDGE)
Reducer 4 <- Map 12 (SIMPLE_EDGE), Reducer 3 (SIMPLE_EDGE)
Reducer 5 <- Reducer 4 (SIMPLE_EDGE)
Reducer 7 <- Map 11 (SIMPLE_EDGE), Map 6 (SIMPLE_EDGE)
Reducer 8 <- Reducer 7 (SIMPLE_EDGE)
Reducer 9 <- Map 11 (SIMPLE_EDGE), Map 6 (SIMPLE_EDGE)

Stage-0
  Fetch Operator
    limit:100
    Stage-1
      Reducer 5 vectorized
      File Output Operator [FS_111]
        Limit [LIM_110] (rows=100 width=100)
          Number of rows:100
          Select Operator [SEL_109] (rows=735109 width=100)
            Output:["_col0"]
          <-Reducer 4 [SIMPLE_EDGE]
            SHUFFLE [RS_51]
              Select Operator [SEL_50] (rows=735109 width=100)
                Output:["_col0"]
                Merge Join Operator [MERGEJOIN_83] (rows=735109 width=100)
                  Conds:RS_47._col1=RS_108._col0(Inner),Output:["_col7"]
                <-Map 12 [SIMPLE_EDGE] vectorized
                  SHUFFLE [RS_108]
                    PartitionCols:_col0
                    Select Operator [SEL_107] (rows=80000000 width=104)
                      Output:["_col0","_col1"]
                      TableScan [TS_38] (rows=80000000 width=104)
                        default@customer,customer,Tbl:COMPLETE,Col:COMPLETE,Output:["c_customer_sk","c_customer_id"]
                <-Reducer 3 [SIMPLE_EDGE]
                  SHUFFLE [RS_47]
                    PartitionCols:_col1
                    Filter Operator [FIL_46] (rows=735109 width=225)
                      predicate:(_col3 > _col4)
                      Merge Join Operator [MERGEJOIN_82] (rows=2205329 width=225)
                        Conds:RS_43._col2=RS_106._col1(Inner),Output:["_col1","_col3","_col4"]
                      <-Reducer 10 [SIMPLE_EDGE] vectorized
                        SHUFFLE [RS_106]
                          PartitionCols:_col1
                          Select Operator [SEL_105] (rows=29 width=115)
                            Output:["_col0","_col1"]
                            Filter Operator [FIL_104] (rows=29 width=123)
                              predicate:(_col1 is not null and _col2 is not null)
                              Group By Operator [GBY_103] (rows=29 width=123)
                                Output:["_col0","_col1","_col2"],aggregations:["sum(_col2)","count(_col2)"],keys:_col1
                                Select Operator [SEL_102] (rows=13369812 width=119)
                                  Output:["_col1","_col2"]
                                  Group By Operator [GBY_101] (rows=13369812 width=119)
                                    Output:["_col0","_col1","_col2"],aggregations:["sum(VALUE._col0)"],keys:KEY._col0, KEY._col1
                                  <-Reducer 9 [SIMPLE_EDGE]
                                    SHUFFLE [RS_29]
                                      PartitionCols:_col0
                                      Group By Operator [GBY_28] (rows=17467258 width=119)
                                        Output:["_col0","_col1","_col2"],aggregations:["sum(_col3)"],keys:_col2, _col1
                                        Merge Join Operator [MERGEJOIN_81] (rows=17467258 width=107)
                                          Conds:RS_92._col0=RS_96._col0(Inner),Output:["_col1","_col2","_col3"]
                                        <-Map 11 [SIMPLE_EDGE] vectorized
                                          SHUFFLE [RS_96]
                                            PartitionCols:_col0
                                            Select Operator [SEL_94] (rows=652 width=4)
                                              Output:["_col0"]
                                              Filter Operator [FIL_93] (rows=652 width=8)
                                                predicate:(d_year = 2000)
                                                TableScan [TS_6] (rows=73049 width=8)
                                                  default@date_dim,date_dim,Tbl:COMPLETE,Col:COMPLETE,Output:["d_date_sk","d_year"]
                                        <-Map 6 [SIMPLE_EDGE] vectorized
                                          SHUFFLE [RS_92]
                                            PartitionCols:_col0
                                            Select Operator [SEL_90] (rows=53634860 width=119)
                                              Output:["_col0","_col1","_col2","_col3"]
<<<<<<< HEAD
                                              Filter Operator [FIL_88] (rows=53634860 width=119)
                                                predicate:(sr_returned_date_sk is not null and sr_store_sk is not null)
=======
                                              Filter Operator [FIL_141] (rows=53634860 width=119)
                                                predicate:(sr_store_sk is not null and sr_returned_date_sk is not null)
>>>>>>> 18a5dcb95b... HIVE-21857: Sort conditions in a filter predicate to accelerate query processing (Jesus Camacho Rodriguez, reviewed by Vineet Garg)
                                                TableScan [TS_3] (rows=57591150 width=119)
                                                  default@store_returns,store_returns,Tbl:COMPLETE,Col:COMPLETE,Output:["sr_returned_date_sk","sr_customer_sk","sr_store_sk","sr_fee"]
                      <-Reducer 2 [SIMPLE_EDGE]
                        SHUFFLE [RS_43]
                          PartitionCols:_col2
                          Merge Join Operator [MERGEJOIN_80] (rows=2129284 width=114)
                            Conds:RS_86._col0=RS_100._col1(Inner),Output:["_col1","_col2","_col3"]
                          <-Map 1 [SIMPLE_EDGE] vectorized
                            SHUFFLE [RS_86]
                              PartitionCols:_col0
                              Select Operator [SEL_85] (rows=35 width=4)
                                Output:["_col0"]
                                Filter Operator [FIL_84] (rows=35 width=90)
                                  predicate:(s_state = 'NM')
                                  TableScan [TS_0] (rows=1704 width=90)
                                    default@store,store,Tbl:COMPLETE,Col:COMPLETE,Output:["s_store_sk","s_state"]
                          <-Reducer 8 [SIMPLE_EDGE] vectorized
                            SHUFFLE [RS_100]
                              PartitionCols:_col1
                              Select Operator [SEL_99] (rows=12844075 width=119)
                                Output:["_col0","_col1","_col2"]
                                Filter Operator [FIL_98] (rows=12844075 width=119)
                                  predicate:_col2 is not null
                                  Group By Operator [GBY_97] (rows=12844075 width=119)
                                    Output:["_col0","_col1","_col2"],aggregations:["sum(VALUE._col0)"],keys:KEY._col0, KEY._col1
                                  <-Reducer 7 [SIMPLE_EDGE]
                                    SHUFFLE [RS_14]
                                      PartitionCols:_col0, _col1
                                      Group By Operator [GBY_13] (rows=16855704 width=119)
                                        Output:["_col0","_col1","_col2"],aggregations:["sum(_col3)"],keys:_col2, _col1
                                        Merge Join Operator [MERGEJOIN_79] (rows=16855704 width=107)
                                          Conds:RS_91._col0=RS_95._col0(Inner),Output:["_col1","_col2","_col3"]
                                        <-Map 11 [SIMPLE_EDGE] vectorized
                                          SHUFFLE [RS_95]
                                            PartitionCols:_col0
                                             Please refer to the previous Select Operator [SEL_94]
                                        <-Map 6 [SIMPLE_EDGE] vectorized
                                          SHUFFLE [RS_91]
                                            PartitionCols:_col0
                                            Select Operator [SEL_89] (rows=51757026 width=119)
                                              Output:["_col0","_col1","_col2","_col3"]
<<<<<<< HEAD
                                              Filter Operator [FIL_87] (rows=51757026 width=119)
                                                predicate:(sr_customer_sk is not null and sr_returned_date_sk is not null and sr_store_sk is not null)
=======
                                              Filter Operator [FIL_140] (rows=51757026 width=119)
                                                predicate:(sr_customer_sk is not null and sr_store_sk is not null and sr_returned_date_sk is not null)
>>>>>>> 18a5dcb95b... HIVE-21857: Sort conditions in a filter predicate to accelerate query processing (Jesus Camacho Rodriguez, reviewed by Vineet Garg)
                                                 Please refer to the previous TableScan [TS_3]

