FAILED: SemanticException RANGE with offset PRECEDING/FOLLOWING requires exactly one ORDER BY column
